g++ : C:/msys64/ucrt64/bin/../lib/gcc/x86_64-w64-mingw32/14.2.0/../../../../x86_64-w64-mingw32/bin/ld.exe: 
C:\Users\soham\AppData\Local\Temp\ccioCqXg.o:main.c:(.text+0x1b): undefined reference to `TTF_Init'
At line:2 char:1
+ g++ -Iinclude -Llib -o bin/main.exe src/main.c src/traffic_simulation ...
+ ~~~~~~~~~~~~~~~~~~~~~~~~~~~~~~~~~~~~~~~~~~~~~~~~~~~~~~~~~~~~~~~~~~~~~
    + CategoryInfo          : NotSpecified: (C:/msys64/ucrt6...e to `TTF_Init':String) [], RemoteException
    + FullyQualifiedErrorId : NativeCommandError
 
C:/msys64/ucrt64/bin/../lib/gcc/x86_64-w64-mingw32/14.2.0/../../../../x86_64-w64-mingw32/bin/ld.exe: 
C:\Users\soham\AppData\Local\Temp\ccioCqXg.o:main.c:(.text+0xcf): undefined reference to `TTF_Quit'
C:/msys64/ucrt64/bin/../lib/gcc/x86_64-w64-mingw32/14.2.0/../../../../x86_64-w64-mingw32/bin/ld.exe: 
C:\Users\soham\AppData\Local\Temp\ccioCqXg.o:main.c:(.text+0x150): undefined reference to `TTF_RenderText_Solid'
C:/msys64/ucrt64/bin/../lib/gcc/x86_64-w64-mingw32/14.2.0/../../../../x86_64-w64-mingw32/bin/ld.exe: 
C:\Users\soham\AppData\Local\Temp\ccioCqXg.o:main.c:(.text+0x260): undefined reference to `TTF_OpenFont'
C:/msys64/ucrt64/bin/../lib/gcc/x86_64-w64-mingw32/14.2.0/../../../../x86_64-w64-mingw32/bin/ld.exe: 
C:\Users\soham\AppData\Local\Temp\ccioCqXg.o:main.c:(.text+0x347): undefined reference to `TTF_CloseFont'
collect2.exe: error: ld returned 1 exit status
